2024-11-10 20:49:27,443 - api.routes.job_routes - ERROR - Error extracting job details: Message: 
Stacktrace:
0   chromedriver                        0x00000001033555dc cxxbridge1$str$ptr + 3653648
1   chromedriver                        0x000000010334de3c cxxbridge1$str$ptr + 3623024
2   chromedriver                        0x0000000102db8100 cxxbridge1$string$len + 88404
3   chromedriver                        0x0000000102dfa41c cxxbridge1$string$len + 359536
4   chromedriver                        0x0000000102e33ba8 cxxbridge1$string$len + 594940
5   chromedriver                        0x0000000102def0fc cxxbridge1$string$len + 313680
6   chromedriver                        0x0000000102defd4c cxxbridge1$string$len + 316832
7   chromedriver                        0x000000010332064c cxxbridge1$str$ptr + 3436672
8   chromedriver                        0x0000000103323988 cxxbridge1$str$ptr + 3449788
9   chromedriver                        0x0000000103307a5c cxxbridge1$str$ptr + 3335312
10  chromedriver                        0x000000010332424c cxxbridge1$str$ptr + 3452032
11  chromedriver                        0x00000001032f8ce8 cxxbridge1$str$ptr + 3274524
12  chromedriver                        0x000000010333e9dc cxxbridge1$str$ptr + 3560464
13  chromedriver                        0x000000010333eb58 cxxbridge1$str$ptr + 3560844
14  chromedriver                        0x000000010334dad4 cxxbridge1$str$ptr + 3622152
15  libsystem_pthread.dylib             0x0000000189d3f2e4 _pthread_start + 136
16  libsystem_pthread.dylib             0x0000000189d3a0fc thread_start + 8

2024-11-10 20:49:27,444 - api.routes.job_routes - ERROR - Error parsing job: 500: Failed to extract job details
