2024-11-10 21:32:19,480 - Assistants.CareerForge.assistant_handler - INFO - Processing chat input: 
        Please analyze this job posting and return a JSON response with these exact fields:
        - job_title
        - company
        - location
        - job_link
        - keywords
        - salary_range
        - notes

        Job Details:
        {
  "job_title": "Not found",
  "company": "Not found",
  "location": "Not found",
  "job_link": "Not found",
  "keywords": "Not found",
  "salary_range": "Not mentioned",
  "notes": "Not found"
}
        
2024-11-10 21:32:24,789 - Assistants.CareerForge.assistant_handler - INFO - Chat response generated successfully
2024-11-10 21:32:24,789 - api.routes.job_routes - INFO - Parsed response: It seems that the job posting you provided is incomplete as all fields indicate "Not found". To assist you better, please provide the complete job description or relevant details that include specific information about the position, such as the job title, company, location, job link, keywords, salary range, and any additional notes.

Once you provide that information, I'll be able to extract and format it in the requested JSON format.
