2024-11-10 21:05:11,826 - Assistants.CareerForge.assistant_handler - INFO - Processing chat input: 
        Analyze this HTML content and extract job information.
        If this is a login page or error page, respond with a JSON where all fields are "Not found".
        
        HTML Content:
        <html lang="en"><head>
        <meta name="pageKey" content="auth_wall_desktop_jserp">
<!----><!---->        <meta name="locale" content="en_US">
        <meta id="config" data-app-version="2.1.414" data-call-tree-id="AAYmmYex6bpae5Sgd9MUwQ==" data-multiproduct-name="seo-directory-frontend" data-service-name="seo-directory-frontend" data-browser-id="1d51f423-e636-4a1b-8cab-afbd2ebe2239" data-enable-page-view-heartbeat-tracking="" data-page-instance="urn:li:page:auth_wall_desktop_jserp;MvEYtjhkRN66G+Ro9W6A6g==" data-disable-jsbeacon-pagekey-suffix="false" data-member-id="0" data-msafdf-lib="https://static.licdn.com/aero-v1/sc/h/80ndnja80f2uvg4l8sj2su82m" data-dna-member-lix-treatment="control" data-human-member-lix-treatment="enabled" data-dfp-member-lix-treatment="control">

        <link rel="canonical" href="/authwall">
<!----><!---->
<!---->
<!---->
<!---->
<!---->
          <link rel="icon" href="https://static.licdn.com/aero-v1/sc/h/al2o9zrvru7aqj8e1x2rzsrca">

        <script>
          function getDfd() {let yFn,nFn;const p=new Promise(function(y, n){yFn=y;nFn=n;});p.resolve=yFn;p.reject=nFn;return p;}
          window.lazyloader = getDfd();
          window.tracking = getDfd();
          window.impressionTracking = getDfd();
          window.ingraphTracking = getDfd();
          window.appDetection = getDfd();
          window.pemTracking = getDfd();
        </script>

<!---->
        
      <title>
        Sign Up | LinkedIn
      </title>
      <link rel="canonical" href="/authwall">
      <meta name="description" content="750 million+ members | Manage your professional identity. Build and engage with your professional network. Access knowledge, insights and opportunities.">
      <meta name="robots" content="noindex, noarchive">
      <meta name="viewport" content="width=device-width, minimum-scale=1.0">
      <meta name="locale" content="en_US">

      <meta property="og:title" content="Sign Up | LinkedIn">
      <meta property="og:image" content="https://static.licdn.com/aero-v1/scds/common/u/images/logos/favicons/v1/favicon.ico">
      <meta property="og:type" content="website">
      <meta property="og:url" content="/authwall">
      <meta name="twitter:card" content="summary">
      <meta name="twitter:site" content="@Linkedin">
      <meta name="twitter:title" content="Sign Up | LinkedIn">
      <meta name="twitter:image" content="https://static.licdn.com/aero-v1/scds/common/u/images/logos/favicons/v1/favicon.ico">
      <meta name="platform-worker" content="https://static.licdn.com/aero-v1/sc/h/bxullzz73p3hhf78t6sj3w6pb">
      <meta name="litmsProfileName" content="seo-directory-frontend">
      <meta name="clientSideIngraphs" content="1" data-gauge-metric-endpoint="/directory/api/ingraphs/gauge" data-counter-metric-endpoint="/directory/api/ingraphs/counter">
      <script src="https://static.licdn.com/aero-v1/sc/h/qoqx6pzhs18m238y6ae0h7ix"></script>

      <link rel="stylesheet" href="https://static.licdn.com/aero-v1/sc/h/a4p1rk3rcqw41mjtdndecuepk">
    
<!---->      <script type="text/javascript" src="https://static.licdn.com/aero-v1/sc/h/80ndnja80f2uvg4l8sj2su82m" data-test-id="msafdf"></script><script type="text/javascript" src="https://platform.linkedin.com/litms/utag/seo-directory-frontend/utag.js?cb=1731290700000" async=""></script></head>
      <body dir="ltr">
<!----><!----><!---->
        
      
    
    
    
    <form class="google-auth" action="/uas/login-submit" method="post">
      <input name="loginCsrfParam" value="1d51f423-e636-4a1b-8cab-afbd2ebe2239" type="hidden">

        <input name="session_redirect" value="/authwall" type="hidden">

      <input name="trk" value="seo-authwall-base_google-one-tap-submit" type="hidden">
      <code id="termsAndConditionsRendered" style="display: none"><!--true--></code>
        <div class="google-one-tap__module hidden fixed flex flex-col items-center top-[20px] right-[20px] z-[9999]">
          <div class="relative top-2 bg-color-background-container-
        
2024-11-10 21:05:16,960 - Assistants.CareerForge.assistant_handler - INFO - Chat response generated successfully
