2024-11-10 20:53:14,998 - api.routes.job_routes - ERROR - Error extracting job details: Message: 
Stacktrace:
0   chromedriver                        0x0000000102bf55dc cxxbridge1$str$ptr + 3653648
1   chromedriver                        0x0000000102bede3c cxxbridge1$str$ptr + 3623024
2   chromedriver                        0x0000000102658100 cxxbridge1$string$len + 88404
3   chromedriver                        0x000000010269a41c cxxbridge1$string$len + 359536
4   chromedriver                        0x00000001026d3ba8 cxxbridge1$string$len + 594940
5   chromedriver                        0x000000010268f0fc cxxbridge1$string$len + 313680
6   chromedriver                        0x000000010268fd4c cxxbridge1$string$len + 316832
7   chromedriver                        0x0000000102bc064c cxxbridge1$str$ptr + 3436672
8   chromedriver                        0x0000000102bc3988 cxxbridge1$str$ptr + 3449788
9   chromedriver                        0x0000000102ba7a5c cxxbridge1$str$ptr + 3335312
10  chromedriver                        0x0000000102bc424c cxxbridge1$str$ptr + 3452032
11  chromedriver                        0x0000000102b98ce8 cxxbridge1$str$ptr + 3274524
12  chromedriver                        0x0000000102bde9dc cxxbridge1$str$ptr + 3560464
13  chromedriver                        0x0000000102bdeb58 cxxbridge1$str$ptr + 3560844
14  chromedriver                        0x0000000102bedad4 cxxbridge1$str$ptr + 3622152
15  libsystem_pthread.dylib             0x0000000189d3f2e4 _pthread_start + 136
16  libsystem_pthread.dylib             0x0000000189d3a0fc thread_start + 8

2024-11-10 20:53:14,998 - api.routes.job_routes - ERROR - Error parsing job: 500: Failed to extract job details
